../Core/Src/main.c:128:6:HAL_UART_RxCpltCallback	24	static
../Core/Src/main.c:159:6:HAL_UARTEx_RxEventCallback	16	static
../Core/Src/main.c:165:6:HAL_GPIO_EXTI_Callback	16	static
../Core/Src/main.c:169:6:HAL_TIM_PeriodElapsedCallback	16	static
../Core/Src/main.c:184:6:PostDataToServer	128	static
../Core/Src/main.c:202:6:GetCodeFromServer	248	static
../Core/Src/main.c:275:6:Bip	8	static
../Core/Src/main.c:283:6:RunMainProgram	24	static
../Core/Src/main.c:479:5:main	32	static
../Core/Src/main.c:576:6:SystemClock_Config	88	static
../Core/Src/main.c:623:13:MX_I2C1_Init	8	static
../Core/Src/main.c:657:13:MX_TIM2_Init	32	static
../Core/Src/main.c:702:13:MX_TIM3_Init	32	static
../Core/Src/main.c:747:13:MX_UART4_Init	8	static
../Core/Src/main.c:780:13:MX_USART1_UART_Init	8	static
../Core/Src/main.c:813:13:MX_USART2_UART_Init	8	static
../Core/Src/main.c:846:13:MX_USART3_UART_Init	8	static
../Core/Src/main.c:877:13:MX_DMA_Init	16	static
../Core/Src/main.c:895:13:MX_GPIO_Init	56	static
../Core/Src/main.c:1031:6:Error_Handler	4	static,ignoring_inline_asm
